../Core/Src/main.c:68:9:u8x8_stm32_gpio_and_delay	24	static
../Core/Src/main.c:91:9:u8x8_byte_4wire_hw_spi	24	static
../Core/Src/main.c:114:6:clearOLED	8	static
../Core/Src/main.c:120:6:ADC_read	32	static
../Core/Src/main.c:151:6:HAL_UART_RxCpltCallback	16	static
../Core/Src/main.c:156:6:constructSkeleton	8	static
../Core/Src/main.c:177:5:main	16	static
../Core/Src/main.c:265:6:SystemClock_Config	88	static
../Core/Src/main.c:307:13:MX_ADC1_Init	24	static
../Core/Src/main.c:369:13:MX_SPI1_Init	8	static
../Core/Src/main.c:407:13:MX_USART1_UART_Init	8	static
../Core/Src/main.c:440:13:MX_GPIO_Init	32	static
../Core/Src/main.c:471:6:Error_Handler	4	static,ignoring_inline_asm
