../Core/Src/main.c:100:9:u8x8_stm32_gpio_and_delay	24	static
../Core/Src/main.c:125:9:u8x8_byte_4wire_hw_spi	24	static
../Core/Src/main.c:150:6:clearOLED	8	static
../Core/Src/main.c:158:6:setFirstHour	16	static
../Core/Src/main.c:169:6:getHour	4	static
../Core/Src/main.c:185:6:updateHour	16	static
../Core/Src/main.c:221:6:ADC_read	24	static
../Core/Src/main.c:267:6:HAL_UART_RxCpltCallback	24	static
../Core/Src/main.c:294:6:updateScreen	24	static
../Core/Src/main.c:338:6:constructSkeleton	8	static
../Core/Src/main.c:361:6:HAL_GPIO_EXTI_Callback	24	static
../Core/Src/main.c:421:6:sendThroughUART	8	static
../Core/Src/main.c:439:5:main	8	static
../Core/Src/main.c:522:6:SystemClock_Config	88	static
../Core/Src/main.c:569:13:MX_ADC1_Init	24	static
../Core/Src/main.c:641:13:MX_SPI1_Init	8	static
../Core/Src/main.c:679:13:MX_USART1_UART_Init	8	static
../Core/Src/main.c:712:13:MX_GPIO_Init	40	static
../Core/Src/main.c:771:6:Error_Handler	4	static,ignoring_inline_asm
